main.c:143:5:main	8	static
main.c:208:6:SystemClock_Config	88	static
main.c:252:13:MX_NVIC_Init	8	static
main.c:264:13:MX_CRC_Init	8	static
main.c:290:13:MX_USART1_UART_Init	8	static
main.c:323:13:MX_USART2_UART_Init	8	static
main.c:356:13:MX_GPIO_Init	40	static
main.c:385:6:printmsg	96	static
main.c:398:6:bootloaderMode	16	static
main.c:451:9:checkCRC	40	static
main.c:465:6:send_ACK	24	static
main.c:473:6:send_NACK	16	static
main.c:480:6:send_Reply	16	static
main.c:485:6:BL_GET_VER_handler	24	static
main.c:499:6:BL_GET_HELP_handler	32	static
main.c:516:6:BL_GET_CID_handler	4	static
main.c:520:6:BL_GET_RDP_STATUS_handler	4	static
main.c:524:6:BL_GO_TO_ADDR_handler	4	static
main.c:528:6:BL_FLASH_ERASE_handler	4	static
main.c:532:6:BL_MEM_WRITE_handler	4	static
main.c:536:6:BL_EN_R_W_PROTECT_handler	4	static
main.c:540:6:BL_MEM_READ_handler	4	static
main.c:544:6:BL_READ_SECTOR_STATUS_handler	4	static
main.c:548:6:BL_OTP_READ_handler	4	static
main.c:552:6:BL_DIS_R_W_PROTECT_handler	4	static
main.c:556:6:userMode	24	static,ignoring_inline_asm
main.c:616:6:Error_Handler	4	static,ignoring_inline_asm
