main.c:156:5:main	8	static
main.c:217:6:SystemClock_Config	88	static
main.c:259:13:MX_CRC_Init	8	static
main.c:283:13:MX_USART1_UART_Init	8	static
main.c:314:13:MX_USART2_UART_Init	8	static
main.c:345:13:MX_GPIO_Init	40	static
main.c:374:6:printmsg	96	static
main.c:387:6:userMode	24	static,ignoring_inline_asm
main.c:411:6:bootloaderMode	16	static
main.c:463:9:checkCRC	40	static
main.c:477:6:send_ACK	24	static
main.c:485:6:send_NACK	16	static
main.c:492:6:send_Reply	16	static
main.c:498:9:verify_address	16	static
main.c:516:9:execute_flash_erase	48	static
main.c:558:9:execute_mem_write	32	static
main.c:575:6:BL_GET_VER_handler	24	static
main.c:589:6:BL_GET_HELP_handler	32	static
main.c:606:6:BL_GET_CID_handler	24	static
main.c:621:6:BL_GET_RDP_STATUS_handler	24	static
main.c:639:6:BL_GO_TO_ADDR_handler	24	static
main.c:660:6:BL_FLASH_ERASE_handler	24	static
main.c:678:6:BL_MEM_WRITE_handler	32	static
main.c:717:6:BL_EN_R_W_PROTECT_handler	4	static
main.c:721:6:BL_MEM_READ_handler	4	static
main.c:725:6:BL_READ_SECTOR_STATUS_handler	4	static
main.c:729:6:BL_OTP_READ_handler	4	static
main.c:733:6:BL_DIS_R_W_PROTECT_handler	4	static
main.c:743:6:Error_Handler	4	static,ignoring_inline_asm
